ERRO:Não passou este teste
cat << EOF << END
>first
>EOF
>second
>END

Ctrl+\ → 131 ERROR:need to check how to test it"

não passou
echo << $USER

Melhorar heredoc!

$EMPTY cat nao funciona
